[2026-09-19T22:17:42Z] === ENRICH ITERATION 1 START | repo=cpburnz/python-pathspec sha=75f4d067 ===
[2026-09-19T22:17:42Z] [iter=1] PHASE START: enrich repo=cpburnz/python-pathspec sha=75f4d067 runlog=/home/runner/work/forx/forx/storage/aggregate/lsp/logs/75f4d067-enrich-iter-001.log output=/home/runner/work/forx/forx/storage/aggregate/lsp/75f4d0672305dfe3d0a6f182b870c3edec29f316.nq.gz
[2026-09-19T22:17:49Z] [iter=1] Step 1: Loading AST into disk-backed store mem_mb=80 MB
[2026-09-19T22:17:56Z] [iter=1] AST store loaded triples=446033 load_secs=7 mem_mb=691 MB
[2026-09-19T22:17:56Z] [iter=1] Step 2: Finding LSP targets mem_mb=691 MB
[2026-09-19T22:17:57Z] [iter=1] LSP targets found call_sites=2843 imports=0 extends=0 implements=0 secs=1
[2026-09-19T22:17:57Z] [iter=1] Step 2.7: Building position index (one-shot, shared across resolvers) mem_mb=691 MB
[2026-09-19T22:17:59Z] [iter=1] Position index built positions=30638 nodes_with_types=40082 secs=2 mem_mb=691 MB
[2026-09-19T22:17:59Z] [iter=1] Step 3: Starting LSP resolution mem_mb=691 MB already_completed_types=[] already_completed_files=0
[2026-09-19T22:17:59Z] [iter=1] Resolving target type target_type=call_site count=2843
[2026-09-19T22:18:15Z] [iter=1] HEARTBEAT target_type=call_site elapsed_min=0.6 files_done=1 resolved=218 errors=96 current=tests/test_04_pathspec.py
[2026-09-19T22:18:57Z] [iter=1] HEARTBEAT target_type=call_site elapsed_min=1.2 files_done=4 resolved=393 errors=368 current=benchmarks/hyperscan_gitignore_r2.py
[2026-09-19T22:19:35Z] [iter=1] HEARTBEAT target_type=call_site elapsed_min=1.9 files_done=13 resolved=859 errors=615 current=benchmarks/bench_gitignore_match_files_p5.py
[2026-09-19T22:20:07Z] [iter=1] HEARTBEAT target_type=call_site elapsed_min=2.4 files_done=27 resolved=959 errors=831 current=benchmarks/gitwildmatch_v1.py
[2026-09-19T22:20:37Z] [iter=1] HEARTBEAT target_type=call_site elapsed_min=2.9 files_done=45 resolved=1104 errors=1033 current=benchmarks/bench_pathspec_match_files_p25.py
[2026-09-19T22:21:09Z] [iter=1] HEARTBEAT target_type=call_site elapsed_min=3.4 files_done=66 resolved=1195 errors=1252 current=benchmarks/bench_gitignore_match_files_p100.py
[2026-09-19T22:21:12Z] [iter=1] Target type resolved target_type=call_site resolved=1204 errors=1260 secs=193 mem_mb=691 MB
[2026-09-19T22:21:15Z] [iter=1] Step 5: Writing final enrichment file triples=25692
[2026-09-19T22:21:15Z] [iter=1] Enrichment file written path=/home/runner/work/forx/forx/storage/aggregate/lsp/75f4d0672305dfe3d0a6f182b870c3edec29f316.nq.gz size_kb=479
[2026-09-19T22:21:15Z] [iter=1] PHASE END: enrich elapsed_s=213 elapsed_min=3.6 total_triples=25692
