[2026-09-19T21:11:04Z] === ENRICH ITERATION 1 START | repo=cpburnz/python-pathspec sha=db3f54e7 ===
[2026-09-19T21:11:04Z] [iter=1] PHASE START: enrich repo=cpburnz/python-pathspec sha=db3f54e7 runlog=/home/runner/work/forx/forx/storage/aggregate/lsp/logs/db3f54e7-enrich-iter-001.log output=/home/runner/work/forx/forx/storage/aggregate/lsp/db3f54e78f68824f641b186bf4a749d944e2153f.nq.gz
[2026-09-19T21:11:10Z] [iter=1] Step 1: Loading AST into disk-backed store mem_mb=79 MB
[2026-09-19T21:11:14Z] [iter=1] AST store loaded triples=448616 load_secs=3 mem_mb=694 MB
[2026-09-19T21:11:14Z] [iter=1] Step 2: Finding LSP targets mem_mb=694 MB
[2026-09-19T21:11:14Z] [iter=1] LSP targets found call_sites=2865 imports=0 extends=0 implements=0 secs=1
[2026-09-19T21:11:15Z] [iter=1] Step 2.7: Building position index (one-shot, shared across resolvers) mem_mb=694 MB
[2026-09-19T21:11:18Z] [iter=1] Position index built positions=30821 nodes_with_types=40330 secs=2 mem_mb=694 MB
[2026-09-19T21:11:18Z] [iter=1] Step 3: Starting LSP resolution mem_mb=694 MB already_completed_types=[] already_completed_files=0
[2026-09-19T21:11:18Z] [iter=1] Resolving target type target_type=call_site count=2865
[2026-09-19T21:11:38Z] [iter=1] HEARTBEAT target_type=call_site elapsed_min=0.6 files_done=2 resolved=228 errors=96 current=benchmarks/bench_pathspec_match_file_p2.py
[2026-09-19T21:12:24Z] [iter=1] HEARTBEAT target_type=call_site elapsed_min=1.3 files_done=8 resolved=548 errors=345 current=benchmarks/bench_pathspec_match_file_p1.py
[2026-09-19T21:13:00Z] [iter=1] HEARTBEAT target_type=call_site elapsed_min=1.9 files_done=11 resolved=652 errors=540 current=benchmarks/bench_gitignore_150p_to_6500f.py
[2026-09-19T21:13:39Z] [iter=1] HEARTBEAT target_type=call_site elapsed_min=2.6 files_done=19 resolved=786 errors=753 current=pathspec/util.py
[2026-09-19T21:14:13Z] [iter=1] HEARTBEAT target_type=call_site elapsed_min=3.1 files_done=31 resolved=983 errors=931 current=benchmarks/bench_pathspec_match_files_p5.py
[2026-09-19T21:14:43Z] [iter=1] HEARTBEAT target_type=call_site elapsed_min=3.7 files_done=50 resolved=1085 errors=1098 current=tests/util.py
[2026-09-19T21:15:14Z] [iter=1] Target type resolved target_type=call_site resolved=1225 errors=1262 secs=237 mem_mb=694 MB
[2026-09-19T21:15:18Z] [iter=1] Step 5: Writing final enrichment file triples=25929
[2026-09-19T21:15:18Z] [iter=1] Enrichment file written path=/home/runner/work/forx/forx/storage/aggregate/lsp/db3f54e78f68824f641b186bf4a749d944e2153f.nq.gz size_kb=485
[2026-09-19T21:15:18Z] [iter=1] PHASE END: enrich elapsed_s=254 elapsed_min=4.2 total_triples=25929
